E:/SteamLibrary/steamapps/common/Krita/krita/bin/ffmpeg.exe -hide_banner -y -y -r 5 -start_number 0 -start_number_range 1 -i F:/Projekty/2026/Inne/31_01 - strona Borderworld/images/patterns/kaltka%04d.png -i F:/Projekty/2026/Inne/31_01 - strona Borderworld/images/patterns/KritaTempPalettegen_%06d.png -lavfi [0:v][1:v]paletteuse=dither=sierra2_4a:diff_mode=none -f gif -loop 0 -gifflags +transdiff F:/Projekty/2026/Inne/31_01 - strona Borderworld/images/patterns/obwodka_alt.gif
=====================================================
Input #0, image2, from 'F:/Projekty/2026/Inne/31_01 - strona Borderworld/images/patterns/kaltka%04d.png':
  Duration: 00:00:00.20, start: 0.000000, bitrate: N/A
  Stream #0:0: Video: png, rgba(pc, gbr/unknown/unknown), 30x30 [SAR 11811:11811 DAR 1:1], 25 fps, 25 tbr, 25 tbn
Input #1, image2, from 'F:/Projekty/2026/Inne/31_01 - strona Borderworld/images/patterns/KritaTempPalettegen_%06d.png':
  Duration: 00:00:00.04, start: 0.000000, bitrate: N/A
  Stream #1:0: Video: png, rgba(pc, gbr/unknown/unknown), 16x16 [SAR 1:1 DAR 1:1], 25 fps, 25 tbr, 25 tbn
Stream mapping:
  Stream #0:0 (png) -> paletteuse
  Stream #1:0 (png) -> paletteuse
  paletteuse:default -> Stream #0:0 (gif)
Press [q] to stop, [?] for help
Output #0, gif, to 'F:/Projekty/2026/Inne/31_01 - strona Borderworld/images/patterns/obwodka_alt.gif':
  Metadata:
    encoder         : Lavf62.3.100
  Stream #0:0: Video: gif, pal8(pc, gbr/unknown/unknown, progressive), 30x30 [SAR 1:1 DAR 1:1], q=2-31, 200 kb/s, 5 fps, 100 tbn
    Metadata:
      encoder         : Lavc62.11.100 gif
[out#0/gif @ 000001f3cc3b0200] video:2KiB audio:0KiB subtitle:0KiB other streams:0KiB global headers:0KiB muxing overhead: 0.959233%
frame=    5 fps=0.0 q=-0.0 Lsize=       2KiB time=00:00:01.00 bitrate=  16.8kbits/s speed= 134x elapsed=0:00:00.00    
